Prototype: a
    VarDecl: a
        BinOpExpr: +
            LiteralExpr: 1
            LiteralExpr: 5
