Prototype: test
    Assignment: test_var
        LiteralExpr: 10
