Prototype: test_param_1
Prototype: test_param_2
    Param: a
Prototype: test_param_3
    Param: a
    Param: b
    Param: c
