Prototype: test
    If:
        LiteralExpr: 1
    Do:
        FunCall: print
            LiteralExpr: 1
        FunCall: print
            LiteralExpr: 2
    If:
        LiteralExpr: 1
    Do:
        FunCall: print
            LiteralExpr: 1
