Prototype: test_proto_3
    Param: a
    Param: b
    Param: c
