Prototype: func
    Return 
        LiteralExpr: 1
