Prototype: a
    VarDecl: a
        BinOpExpr: +
            BinOpExpr: -
                LiteralExpr: 1
                LiteralExpr: 5
            LiteralExpr: 3
