Prototype: func1
    VarDecl: a
Prototype: func2
    Param: a
    VarDecl: b
        LiteralExpr: 0
Prototype: func3
    VarDecl: c
    VarDecl: d
        LiteralExpr: 7
